// Jest Snapshot v1, https://goo.gl/fbAQLP

exports[`<IconButton/> matches snapshot with required props only 1`] = `
<DocumentFragment>
  .c0 {
  -webkit-align-items: center;
  -webkit-box-align: center;
  -ms-flex-align: center;
  align-items: center;
  -webkit-appearance: none;
  -moz-appearance: none;
  appearance: none;
  color: #f6f6f6;
  background: transparent;
  border-radius: 50%;
  border: 0;
  cursor: pointer;
  display: -webkit-box;
  display: -webkit-flex;
  display: -ms-flexbox;
  display: flex;
  -webkit-flex: 0;
  -ms-flex: 0;
  flex: 0;
  -webkit-box-pack: center;
  -webkit-justify-content: center;
  -ms-flex-pack: center;
  justify-content: center;
  margin: 0;
  outline: 0;
  padding: 8px;
  text-align: center;
  -webkit-text-decoration: none;
  text-decoration: none;
  -webkit-user-select: none;
  -moz-user-select: none;
  -ms-user-select: none;
  user-select: none;
  vertical-align: middle;
}

.c0:hover {
  background-color: rgba(255 255 255 / 0.08);
}

<button
    aria-label="Icon button"
    class="c0"
    color="text"
  >
    Icon: size - 28, title - Icon button
  </button>
</DocumentFragment>
`;
